usbh_audio.c:195:27:USBH_AUDIO_InterfaceInit	56	static
usbh_audio.c:341:27:USBH_AUDIO_InterfaceDeInit	24	static
usbh_audio.c:382:27:USBH_AUDIO_ClassRequest	32	static
usbh_audio.c:574:27:USBH_AUDIO_CSRequest	40	static
usbh_audio.c:668:27:USBH_AUDIO_HandleCSRequest	24	static
usbh_audio.c:713:27:USBH_AUDIO_Process	24	static
usbh_audio.c:737:27:USBH_AUDIO_SOFProcess	16	static
usbh_audio.c:749:27:USBH_AUDIO_FindAudioStreamingIN	24	static
usbh_audio.c:791:27:USBH_AUDIO_FindAudioStreamingOUT	24	static
usbh_audio.c:833:27:USBH_AUDIO_FindHIDControl	24	static
usbh_audio.c:874:27:USBH_AUDIO_ParseCSDescriptors	40	static
usbh_audio.c:937:27:ParseCSDescriptors	24	static
usbh_audio.c:1001:17:USBH_AUDIO_FindLinkedUnit	24	static
usbh_audio.c:1062:27:USBH_AUDIO_BuildMicrophonePath	32	static
usbh_audio.c:1129:27:USBH_AUDIO_BuildHeadphonePath	32	static
usbh_audio.c:1222:27:USBH_AC_SetCur	32	static
usbh_audio.c:1286:27:USBH_AC_GetCur	32	static
usbh_audio.c:1359:27:USBH_AC_GetMax	32	static
usbh_audio.c:1432:27:USBH_AC_GetRes	32	static
usbh_audio.c:1505:27:USBH_AC_GetMin	32	static
usbh_audio.c:1575:27:USBH_AUDIO_SetEndpointControls	32	static
usbh_audio.c:1602:27:USBH_AUDIO_InputStream	24	static
usbh_audio.c:1617:27:USBH_AUDIO_Control	32	static
usbh_audio.c:1692:27:USBH_AUDIO_OutputStream	32	static
usbh_audio.c:1773:27:USBH_AUDIO_Transmit	24	static
usbh_audio.c:1858:20:USBH_AUDIO_SetFrequency	40	static
usbh_audio.c:1923:20:USBH_AUDIO_Play	32	static
usbh_audio.c:1959:20:USBH_AUDIO_Stop	24	static
usbh_audio.c:1972:20:USBH_AUDIO_Suspend	24	static
usbh_audio.c:1995:20:USBH_AUDIO_Resume	24	static
usbh_audio.c:2017:9:USBH_AUDIO_GetOutOffset	24	static
usbh_audio.c:2039:20:USBH_AUDIO_ChangeOutBuffer	24	static
usbh_audio.c:2070:27:USBH_AUDIO_SetControlAttribute	24	static
usbh_audio.c:2134:20:USBH_AUDIO_SetVolume	24	static
usbh_audio.c:2162:27:AUDIO_SetVolume	32	static
usbh_audio.c:2183:13:USBH_AUDIO_FrequencySet	16	static
usbh_audio.c:2194:14:USBH_AUDIO_BufferEmptyCallback	16	static
