main.c:118:5:main	8	static
main.c:184:6:SystemClock_Config	216	static
main.c:261:13:MX_ADC1_Init	24	static
main.c:311:13:MX_ADC2_Init	24	static
main.c:361:13:MX_ADC3_Init	24	static
main.c:411:13:MX_I2C1_Init	8	static
main.c:457:13:MX_I2C2_Init	8	static
main.c:503:13:MX_I2C3_Init	8	static
main.c:549:13:MX_QUADSPI_Init	8	static
main.c:584:13:MX_SAI2_Init	8	static
main.c:659:13:MX_SPI1_Init	8	static
main.c:699:13:MX_SPI2_Init	8	static
main.c:739:13:MX_TIM2_Init	48	static
main.c:792:13:MX_TIM3_Init	48	static
main.c:841:13:MX_TIM5_Init	48	static
main.c:890:13:MX_TIM9_Init	40	static
main.c:936:13:MX_TIM12_Init	40	static
main.c:978:13:MX_UART4_Init	8	static
main.c:1013:13:MX_UART5_Init	8	static
main.c:1048:13:MX_UART7_Init	8	static
main.c:1083:13:MX_USART2_UART_Init	8	static
main.c:1118:13:MX_USART6_UART_Init	8	static
main.c:1149:13:MX_FMC_Init	40	static
main.c:1242:13:MX_GPIO_Init	64	static
main.c:1393:6:HAL_TIM_PeriodElapsedCallback	16	static
main.c:1410:6:Error_Handler	4	static,ignoring_inline_asm
