stm32f7xx_hal_msp.c:66:6:HAL_MspInit	16	static
stm32f7xx_hal_msp.c:88:6:HAL_ADC_MspInit	72	static
stm32f7xx_hal_msp.c:183:6:HAL_ADC_MspDeInit	16	static
stm32f7xx_hal_msp.c:257:6:HAL_I2C_MspInit	64	static
stm32f7xx_hal_msp.c:349:6:HAL_I2C_MspDeInit	16	static
stm32f7xx_hal_msp.c:420:6:HAL_QSPI_MspInit	56	static
stm32f7xx_hal_msp.c:491:6:HAL_QSPI_MspDeInit	16	static
stm32f7xx_hal_msp.c:530:6:HAL_SPI_MspInit	64	static
stm32f7xx_hal_msp.c:609:6:HAL_SPI_MspDeInit	16	static
stm32f7xx_hal_msp.c:663:6:HAL_TIM_PWM_MspInit	40	static
stm32f7xx_hal_msp.c:723:6:HAL_TIM_MspPostInit	56	static
stm32f7xx_hal_msp.c:840:6:HAL_TIM_PWM_MspDeInit	16	static
stm32f7xx_hal_msp.c:906:6:HAL_UART_MspInit	80	static
stm32f7xx_hal_msp.c:1048:6:HAL_UART_MspDeInit	16	static
stm32f7xx_hal_msp.c:1149:13:HAL_FMC_MspInit	32	static
stm32f7xx_hal_msp.c:1252:6:HAL_SRAM_MspInit	16	static
stm32f7xx_hal_msp.c:1264:13:HAL_FMC_MspDeInit	8	static
stm32f7xx_hal_msp.c:1340:6:HAL_SRAM_MspDeInit	16	static
stm32f7xx_hal_msp.c:1352:6:HAL_SAI_MspInit	48	static
stm32f7xx_hal_msp.c:1402:6:HAL_SAI_MspDeInit	16	static
