stm32f723e_discovery_lcd.c:150:9:BSP_LCD_Init	8	static
stm32f723e_discovery_lcd.c:159:9:BSP_LCD_InitEx	24	static
stm32f723e_discovery_lcd.c:216:9:BSP_LCD_DeInit	4	static
stm32f723e_discovery_lcd.c:226:10:BSP_LCD_GetXSize	8	static
stm32f723e_discovery_lcd.c:235:10:BSP_LCD_GetYSize	8	static
stm32f723e_discovery_lcd.c:244:10:BSP_LCD_GetTextColor	4	static
stm32f723e_discovery_lcd.c:253:10:BSP_LCD_GetBackColor	4	static
stm32f723e_discovery_lcd.c:263:6:BSP_LCD_SetTextColor	16	static
stm32f723e_discovery_lcd.c:273:6:BSP_LCD_SetBackColor	16	static
stm32f723e_discovery_lcd.c:283:6:BSP_LCD_SetFont	16	static
stm32f723e_discovery_lcd.c:292:8:BSP_LCD_GetFont	4	static
stm32f723e_discovery_lcd.c:302:6:BSP_LCD_Clear	40	static
stm32f723e_discovery_lcd.c:328:6:BSP_LCD_ClearStringLine	32	static
stm32f723e_discovery_lcd.c:349:6:BSP_LCD_DisplayChar	16	static
stm32f723e_discovery_lcd.c:367:6:BSP_LCD_DisplayStringAt	48	static
stm32f723e_discovery_lcd.c:432:6:BSP_LCD_DisplayStringAtLine	16	static
stm32f723e_discovery_lcd.c:443:10:BSP_LCD_ReadPixel	24	static
stm32f723e_discovery_lcd.c:462:6:BSP_LCD_DrawPixel	16	static
stm32f723e_discovery_lcd.c:477:6:BSP_LCD_DrawHLine	32	static
stm32f723e_discovery_lcd.c:501:6:BSP_LCD_DrawVLine	32	static
stm32f723e_discovery_lcd.c:526:6:BSP_LCD_DrawLine	56	static
stm32f723e_discovery_lcd.c:601:6:BSP_LCD_DrawRect	24	static
stm32f723e_discovery_lcd.c:619:6:BSP_LCD_DrawCircle	32	static
stm32f723e_discovery_lcd.c:669:6:BSP_LCD_DrawPolygon	32	static
stm32f723e_discovery_lcd.c:697:6:BSP_LCD_DrawEllipse	56	static
stm32f723e_discovery_lcd.c:730:6:BSP_LCD_DrawBitmap	32	static
stm32f723e_discovery_lcd.c:759:6:BSP_LCD_DrawRGBImage	32	static
stm32f723e_discovery_lcd.c:779:6:BSP_LCD_FillRect	24	static
stm32f723e_discovery_lcd.c:796:6:BSP_LCD_FillCircle	32	static
stm32f723e_discovery_lcd.c:844:6:BSP_LCD_FillPolygon	64	static
stm32f723e_discovery_lcd.c:912:6:BSP_LCD_FillEllipse	56	static
stm32f723e_discovery_lcd.c:942:6:BSP_LCD_DisplayOn	8	static
stm32f723e_discovery_lcd.c:951:6:BSP_LCD_DisplayOff	8	static
stm32f723e_discovery_lcd.c:961:13:BSP_LCD_MspInit	40	static
stm32f723e_discovery_lcd.c:994:13:BSP_LCD_MspDeInit	32	static
stm32f723e_discovery_lcd.c:1025:13:DrawChar	40	static
stm32f723e_discovery_lcd.c:1081:13:SetDisplayWindow	24	static
stm32f723e_discovery_lcd.c:1099:13:FillTriangle	56	static
