stm32f723e_discovery.c:190:10:BSP_GetVersion	4	static
stm32f723e_discovery.c:203:6:BSP_LED_Init	48	static
stm32f723e_discovery.c:228:6:BSP_LED_DeInit	40	static
stm32f723e_discovery.c:248:6:BSP_LED_On	16	static
stm32f723e_discovery.c:261:6:BSP_LED_Off	16	static
stm32f723e_discovery.c:274:6:BSP_LED_Toggle	16	static
stm32f723e_discovery.c:292:6:BSP_PB_Init	40	static
stm32f723e_discovery.c:335:6:BSP_PB_DeInit	40	static
stm32f723e_discovery.c:353:10:BSP_PB_GetState	16	static
stm32f723e_discovery.c:374:6:BSP_COM_Init	48	static
stm32f723e_discovery.c:414:6:BSP_COM_DeInit	16	static
stm32f723e_discovery.c:440:13:I2Cx_MspInit	72	static
stm32f723e_discovery.c:563:13:I2Cx_Init	16	static
stm32f723e_discovery.c:606:26:I2Cx_ReadMultiple	48	static
stm32f723e_discovery.c:632:26:I2Cx_WriteMultiple	48	static
stm32f723e_discovery.c:654:13:I2Cx_Error	16	static
stm32f723e_discovery.c:675:13:FMC_BANK2_MspInit	56	static
stm32f723e_discovery.c:732:13:FMC_BANK2_Init	112	static
stm32f723e_discovery.c:781:13:FMC_BANK2_WriteData	16	static,ignoring_inline_asm
stm32f723e_discovery.c:793:13:FMC_BANK2_WriteReg	16	static,ignoring_inline_asm
stm32f723e_discovery.c:804:17:FMC_BANK2_ReadData	4	static
stm32f723e_discovery.c:819:6:LCD_IO_Init	8	static
stm32f723e_discovery.c:829:6:LCD_IO_WriteData	16	static,ignoring_inline_asm
stm32f723e_discovery.c:842:6:LCD_IO_WriteMultipleData	24	static,ignoring_inline_asm
stm32f723e_discovery.c:858:6:LCD_IO_WriteReg	16	static,ignoring_inline_asm
stm32f723e_discovery.c:869:10:LCD_IO_ReadData	8	static
stm32f723e_discovery.c:879:6:LCD_IO_Delay	16	static
stm32f723e_discovery.c:889:6:AUDIO_IO_Init	8	static
stm32f723e_discovery.c:897:6:AUDIO_IO_DeInit	4	static
stm32f723e_discovery.c:909:6:AUDIO_IO_Write	32	static
stm32f723e_discovery.c:926:10:AUDIO_IO_Read	32	static
stm32f723e_discovery.c:945:6:AUDIO_IO_Delay	16	static
stm32f723e_discovery.c:956:6:TS_IO_Init	32	static
stm32f723e_discovery.c:979:6:TS_IO_Write	24	static
stm32f723e_discovery.c:990:9:TS_IO_Read	32	static
stm32f723e_discovery.c:1008:10:TS_IO_ReadMultiple	24	static
stm32f723e_discovery.c:1022:6:TS_IO_WriteMultiple	24	static
stm32f723e_discovery.c:1032:6:TS_IO_Delay	16	static
