stm32f723e_discovery_audio.c:219:9:BSP_AUDIO_OUT_Init	32	static
stm32f723e_discovery_audio.c:271:9:BSP_AUDIO_OUT_Play	16	static
stm32f723e_discovery_audio.c:295:9:BSP_AUDIO_OUT_Pause	8	static
stm32f723e_discovery_audio.c:319:9:BSP_AUDIO_OUT_Resume	8	static
stm32f723e_discovery_audio.c:345:9:BSP_AUDIO_OUT_Stop	16	static
stm32f723e_discovery_audio.c:373:9:BSP_AUDIO_OUT_SetVolume	16	static
stm32f723e_discovery_audio.c:393:9:BSP_AUDIO_OUT_SetMute	16	static
stm32f723e_discovery_audio.c:414:9:BSP_AUDIO_OUT_SetOutputMode	16	static
stm32f723e_discovery_audio.c:435:6:BSP_AUDIO_OUT_SetFrequency	16	static
stm32f723e_discovery_audio.c:458:6:BSP_AUDIO_OUT_SetAudioFrameSlot	16	static
stm32f723e_discovery_audio.c:477:6:BSP_AUDIO_OUT_ChangeBuffer	16	static
stm32f723e_discovery_audio.c:486:6:BSP_AUDIO_OUT_DeInit	8	static
stm32f723e_discovery_audio.c:498:6:HAL_SAI_TxCpltCallback	16	static
stm32f723e_discovery_audio.c:510:6:HAL_SAI_TxHalfCpltCallback	16	static
stm32f723e_discovery_audio.c:522:6:HAL_SAI_ErrorCallback	16	static
stm32f723e_discovery_audio.c:531:13:BSP_AUDIO_OUT_TransferComplete_CallBack	4	static
stm32f723e_discovery_audio.c:539:13:BSP_AUDIO_OUT_HalfTransfer_CallBack	4	static
stm32f723e_discovery_audio.c:547:13:BSP_AUDIO_OUT_Error_CallBack	4	static
stm32f723e_discovery_audio.c:557:13:BSP_AUDIO_OUT_MspInit	56	static
stm32f723e_discovery_audio.c:622:13:BSP_AUDIO_OUT_MspDeInit	40	static
stm32f723e_discovery_audio.c:661:13:BSP_AUDIO_OUT_ClockConfig	152	static
stm32f723e_discovery_audio.c:710:13:SAIx_Out_Init	16	static
stm32f723e_discovery_audio.c:769:13:SAIx_Out_DeInit	8	static
stm32f723e_discovery_audio.c:796:9:BSP_AUDIO_IN_Init	24	static
stm32f723e_discovery_audio.c:810:9:BSP_AUDIO_IN_InitEx	48	static
stm32f723e_discovery_audio.c:896:9:BSP_AUDIO_IN_OUT_Init	48	static
stm32f723e_discovery_audio.c:985:10:BSP_AUDIO_IN_Record	24	static
stm32f723e_discovery_audio.c:1008:9:BSP_AUDIO_IN_Stop	16	static
stm32f723e_discovery_audio.c:1034:9:BSP_AUDIO_IN_Pause	8	static
stm32f723e_discovery_audio.c:1046:9:BSP_AUDIO_IN_Resume	8	static
stm32f723e_discovery_audio.c:1059:9:BSP_AUDIO_IN_SetVolume	16	static
stm32f723e_discovery_audio.c:1079:6:BSP_AUDIO_IN_DeInit	8	static
stm32f723e_discovery_audio.c:1091:6:HAL_SAI_RxCpltCallback	16	static
stm32f723e_discovery_audio.c:1102:6:HAL_SAI_RxHalfCpltCallback	16	static
stm32f723e_discovery_audio.c:1113:13:BSP_AUDIO_IN_TransferComplete_CallBack	4	static
stm32f723e_discovery_audio.c:1124:13:BSP_AUDIO_IN_HalfTransfer_CallBack	4	static
stm32f723e_discovery_audio.c:1135:13:BSP_AUDIO_IN_Error_CallBack	4	static
stm32f723e_discovery_audio.c:1147:13:BSP_AUDIO_IN_MspInit	56	static
stm32f723e_discovery_audio.c:1220:13:BSP_AUDIO_IN_MspDeInit	40	static
stm32f723e_discovery_audio.c:1256:13:BSP_AUDIO_IN_ClockConfig	152	static
stm32f723e_discovery_audio.c:1305:13:SAIx_In_Init	24	static
stm32f723e_discovery_audio.c:1419:13:SAIx_In_DeInit	8	static
